// Jest Snapshot v1, https://goo.gl/fbAQLP

exports[`App We are making Snapshot of App Comp file 1`] = `
<div
  className="App"
>
  <Timer />
</div>
`;
